// Jest Snapshot v1, https://goo.gl/fbAQLP

exports[`App Component renders without crashing 1`] = `
<View
  style={
    {
      "backgroundColor": "#F5F5F5",
      "flex": 1,
    }
  }
  testID="app-root"
>
  <RNCSafeAreaProvider
    onInsetsChange={[Function]}
    style={
      [
        {
          "flex": 1,
        },
        undefined,
      ]
    }
  />
</View>
`;
